14:01 p0-b2 | | p0-b2: games 2016, win 45.6% ±1.1, avg win round 13.7, median 13, won by round 6/7/8: 0%/0%/0%, avg combat dmg 781, errors 0 | vs p0: 
14:02 p0-b4 | | p0-b4: games 2016, win 19.1% ±0.9, avg win round 11.2, median 11, won by round 6/7/8: 0%/0%/2%, avg combat dmg 89, errors 0 | vs p0: 
14:02 budget0-b2 | | budget0-b2: games 2016, win 39.2% ±1.1, avg win round 12.9, median 13, won by round 6/7/8: 0%/0%/2%, avg combat dmg 169, errors 0 | vs p0: budget0-b2                     -6.3 ±1.4 pts (n 2016)
14:03 budget0-b4 | | budget0-b4: games 2016, win 17.3% ±0.8, avg win round 10.4, median 10, won by round 6/7/8: 0%/0%/2%, avg combat dmg 48, errors 0 | vs p0: budget0-b4                     -1.8 ±1.1 pts (n 2016)
14:03 full0-b2 | | full0-b2: games 2016, win 37.3% ±1.1, avg win round 12.8, median 12, won by round 6/7/8: 0%/0%/2%, avg combat dmg 148, errors 0 | vs p0: full0-b2                       -8.3 ±1.4 pts (n 2016)
14:03 full0-b4 | | full0-b4: games 2016, win 17.5% ±0.8, avg win round 10.5, median 10, won by round 6/7/8: 0%/0%/3%, avg combat dmg 49, errors 0 | vs p0: full0-b4                       -1.6 ±1.1 pts (n 2016)
14:06 P280-b2 | | P280-b2: games 5040, win 46.2% ±0.7, avg win round 13.9, median 13, won by round 6/7/8: 0%/0%/0%, avg combat dmg 1932, errors 0 | vs P280: 
    tele: P280-b2: 5040 games, win 46%; per game: commander casts 2.96, cards stolen 0.00 (Etrata 0.00), Etrata flips 0.00 (stolen 0.00, free casts 0.00), stolen cards turned up 0.00   faced per game: 1.12 opposing wipes; hero creatures lost: 4.5 on its turn, 8.1 on theirs 
14:07 P280-b4 | | P280-b4: games 5040, win 19.5% ±0.6, avg win round 11.1, median 11, won by round 6/7/8: 0%/0%/2%, avg combat dmg 125, errors 0 | vs P280: 
    tele: P280-b4: 5040 games, win 20%; per game: commander casts 1.60, cards stolen 0.00 (Etrata 0.00), Etrata flips 0.00 (stolen 0.00, free casts 0.00), stolen cards turned up 0.00   faced per game: 0.32 opposing wipes; hero creatures lost: 1.4 on its turn, 1.8 on theirs 
14:07 B280-b2 | | B280-b2: games 5040, win 41.3% ±0.7, avg win round 13.1, median 13, won by round 6/7/8: 0%/1%/2%, avg combat dmg 235, errors 0 | vs P280: B280-b2                        -4.9 ±0.9 pts (n 5040)
    tele: B280-b2: 5040 games, win 41%; per game: commander casts 2.92, cards stolen 0.00 (Etrata 0.00), Etrata flips 0.00 (stolen 0.00, free casts 0.00), stolen cards turned up 0.00   faced per game: 1.05 opposing wipes; hero creatures lost: 4.9 on its turn, 5.7 on theirs 
14:08 B280-b4 | | B280-b4: games 5040, win 16.9% ±0.5, avg win round 10.5, median 10, won by round 6/7/8: 0%/1%/2%, avg combat dmg 55, errors 0 | vs P280: B280-b4                        -2.6 ±0.7 pts (n 5040)
    tele: B280-b4: 5040 games, win 17%; per game: commander casts 1.69, cards stolen 0.00 (Etrata 0.00), Etrata flips 0.00 (stolen 0.00, free casts 0.00), stolen cards turned up 0.00   faced per game: 0.31 opposing wipes; hero creatures lost: 1.8 on its turn, 1.6 on theirs 
14:09 F280-b2 | | F280-b2: games 5040, win 37.3% ±0.7, avg win round 12.9, median 13, won by round 6/7/8: 0%/1%/2%, avg combat dmg 201, errors 0 | vs P280: F280-b2                        -8.8 ±0.9 pts (n 5040)
    tele: F280-b2: 5040 games, win 37%; per game: commander casts 2.88, cards stolen 0.00 (Etrata 0.00), Etrata flips 0.00 (stolen 0.00, free casts 0.00), stolen cards turned up 0.00   faced per game: 1.05 opposing wipes; hero creatures lost: 4.8 on its turn, 5.3 on theirs 
14:10 F280-b4 | | F280-b4: games 5040, win 16.9% ±0.5, avg win round 10.5, median 10, won by round 6/7/8: 0%/1%/3%, avg combat dmg 46, errors 0 | vs P280: F280-b4                        -2.6 ±0.7 pts (n 5040)
    tele: F280-b4: 5040 games, win 17%; per game: commander casts 1.68, cards stolen 0.00 (Etrata 0.00), Etrata flips 0.00 (stolen 0.00, free casts 0.00), stolen cards turned up 0.00   faced per game: 0.31 opposing wipes; hero creatures lost: 1.9 on its turn, 1.6 on theirs 
14:13 budget1-b2 | | budget1-b2: games 2016, win 40.5% ±1.1, avg win round 12.8, median 12, won by round 6/7/8: 0%/0%/2%, avg combat dmg 205, errors 0 | vs budget0: budget1-b2                     +1.3 ±0.6 pts (n 2016)
    tele: budget1-b2: 2016 games, win 41%; per game: commander casts 2.88, cards stolen 0.00 (Etrata 0.00), Etrata flips 0.00 (stolen 0.00, free casts 0.00), stolen cards turned up 0.00   faced per game: 0.99 opposing wipes; hero creatures lost: 4.6 on its turn, 5.5 on theirs 
14:14 budget1-b4 | | budget1-b4: games 2016, win 17.6% ±0.8, avg win round 10.3, median 10, won by round 6/7/8: 0%/1%/3%, avg combat dmg 53, errors 0 | vs budget0: budget1-b4                     +0.2 ±0.4 pts (n 2016)
    tele: budget1-b4: 2016 games, win 18%; per game: commander casts 1.70, cards stolen 0.00 (Etrata 0.00), Etrata flips 0.00 (stolen 0.00, free casts 0.00), stolen cards turned up 0.00   faced per game: 0.32 opposing wipes; hero creatures lost: 1.8 on its turn, 1.7 on theirs 
14:15 budget2-b2 | | budget2-b2: games 2016, win 40.9% ±1.1, avg win round 12.8, median 13, won by round 6/7/8: 0%/1%/2%, avg combat dmg 216, errors 0 | vs budget0: budget2-b2                     +1.7 ±0.7 pts (n 2016)
    tele: budget2-b2: 2016 games, win 41%; per game: commander casts 2.86, cards stolen 0.00 (Etrata 0.00), Etrata flips 0.00 (stolen 0.00, free casts 0.00), stolen cards turned up 0.00   faced per game: 0.98 opposing wipes; hero creatures lost: 4.6 on its turn, 5.5 on theirs 
14:15 budget2-b4 | | budget2-b4: games 2016, win 17.6% ±0.8, avg win round 10.3, median 10, won by round 6/7/8: 0%/1%/3%, avg combat dmg 55, errors 0 | vs budget0: budget2-b4                     +0.2 ±0.4 pts (n 2016)
    tele: budget2-b4: 2016 games, win 18%; per game: commander casts 1.70, cards stolen 0.00 (Etrata 0.00), Etrata flips 0.00 (stolen 0.00, free casts 0.00), stolen cards turned up 0.00   faced per game: 0.32 opposing wipes; hero creatures lost: 1.8 on its turn, 1.6 on theirs 
14:16 budget3-b2 | | budget3-b2: games 2016, win 41.1% ±1.1, avg win round 12.8, median 12, won by round 6/7/8: 0%/1%/2%, avg combat dmg 216, errors 0 | vs budget0: budget3-b2                     +1.8 ±0.7 pts (n 2016)
    tele: budget3-b2: 2016 games, win 41%; per game: commander casts 2.86, cards stolen 0.00 (Etrata 0.00), Etrata flips 0.00 (stolen 0.00, free casts 0.00), stolen cards turned up 0.00   faced per game: 0.97 opposing wipes; hero creatures lost: 4.6 on its turn, 5.5 on theirs 
14:16 budget3-b4 | | budget3-b4: games 2016, win 17.6% ±0.8, avg win round 10.3, median 10, won by round 6/7/8: 0%/1%/3%, avg combat dmg 55, errors 0 | vs budget0: budget3-b4                     +0.3 ±0.4 pts (n 2016)
    tele: budget3-b4: 2016 games, win 18%; per game: commander casts 1.70, cards stolen 0.00 (Etrata 0.00), Etrata flips 0.00 (stolen 0.00, free casts 0.00), stolen cards turned up 0.00   faced per game: 0.32 opposing wipes; hero creatures lost: 1.8 on its turn, 1.6 on theirs 
14:17 budget4-b2 | | budget4-b2: games 2016, win 41.1% ±1.1, avg win round 12.8, median 12, won by round 6/7/8: 0%/1%/2%, avg combat dmg 214, errors 0 | vs budget0: budget4-b2                     +1.8 ±0.8 pts (n 2016)
    tele: budget4-b2: 2016 games, win 41%; per game: commander casts 2.88, cards stolen 0.00 (Etrata 0.00), Etrata flips 0.00 (stolen 0.00, free casts 0.00), stolen cards turned up 0.00   faced per game: 0.98 opposing wipes; hero creatures lost: 4.8 on its turn, 5.5 on theirs 
14:18 budget4-b4 | | budget4-b4: games 2016, win 18.0% ±0.9, avg win round 10.3, median 10, won by round 6/7/8: 0%/1%/3%, avg combat dmg 68, errors 0 | vs budget0: budget4-b4                     +0.6 ±0.5 pts (n 2016)
    tele: budget4-b4: 2016 games, win 18%; per game: commander casts 1.70, cards stolen 0.00 (Etrata 0.00), Etrata flips 0.00 (stolen 0.00, free casts 0.00), stolen cards turned up 0.00   faced per game: 0.32 opposing wipes; hero creatures lost: 1.8 on its turn, 1.7 on theirs 
14:18 p1-b2 | | p1-b2: games 2016, win 46.5% ±1.1, avg win round 13.4, median 13, won by round 6/7/8: 0%/0%/1%, avg combat dmg 757, errors 0 | vs p0: p1-b2                          +0.9 ±0.6 pts (n 2016)
    tele: p1-b2: 2016 games, win 47%; per game: commander casts 2.86, cards stolen 0.00 (Etrata 0.00), Etrata flips 0.00 (stolen 0.00, free casts 0.00), stolen cards turned up 0.00   faced per game: 1.03 opposing wipes; hero creatures lost: 4.3 on its turn, 7.1 on theirs 
14:19 p1-b4 | | p1-b4: games 2016, win 18.8% ±0.9, avg win round 11.0, median 11, won by round 6/7/8: 0%/0%/2%, avg combat dmg 88, errors 0 | vs p0: p1-b4                          -0.3 ±0.3 pts (n 2016)
    tele: p1-b4: 2016 games, win 19%; per game: commander casts 1.61, cards stolen 0.00 (Etrata 0.00), Etrata flips 0.00 (stolen 0.00, free casts 0.00), stolen cards turned up 0.00   faced per game: 0.34 opposing wipes; hero creatures lost: 1.3 on its turn, 1.8 on theirs 
14:21 s-OverwhelmingStampe-b2 | variant={"cut":["Congregate"],"add":["Overwhelming Stampede"]} | s-OverwhelmingStampe-b2: games 2016, win 47.2% ±1.1, avg win round 13.3, median 13, won by round 6/7/8: 0%/0%/1%, avg combat dmg 577, errors 0 | vs p1: s-OverwhelmingStampe-b2        +0.6 ±0.4 pts (n 2016)
14:21 s-OverwhelmingStampe-b4 | variant={"cut":["Congregate"],"add":["Overwhelming Stampede"]} | s-OverwhelmingStampe-b4: games 2016, win 18.8% ±0.9, avg win round 11.0, median 11, won by round 6/7/8: 0%/0%/2%, avg combat dmg 92, errors 0 | vs p1: s-OverwhelmingStampe-b4        -0.0 ±0.3 pts (n 2016)
14:22 s-BeastmasterAscensi-b2 | variant={"cut":["Invincible Hymn"],"add":["Beastmaster Ascension"]} | s-BeastmasterAscensi-b2: games 2016, win 46.4% ±1.1, avg win round 13.4, median 13, won by round 6/7/8: 0%/0%/1%, avg combat dmg 976, errors 0 | vs p1: s-BeastmasterAscensi-b2        -0.1 ±0.5 pts (n 2016)
14:23 s-BeastmasterAscensi-b4 | variant={"cut":["Invincible Hymn"],"add":["Beastmaster Ascension"]} | s-BeastmasterAscensi-b4: games 2016, win 18.8% ±0.9, avg win round 10.9, median 11, won by round 6/7/8: 0%/0%/2%, avg combat dmg 62, errors 0 | vs p1: s-BeastmasterAscensi-b4        -0.0 ±0.3 pts (n 2016)
14:23 s-IntangibleVirtue-b2 | variant={"cut":["Boon Reflection"],"add":["Intangible Virtue"]} | s-IntangibleVirtue-b2: games 2016, win 47.1% ±1.1, avg win round 13.4, median 13, won by round 6/7/8: 0%/0%/1%, avg combat dmg 698, errors 0 | vs p1: s-IntangibleVirtue-b2          +0.6 ±0.5 pts (n 2016)
14:24 s-IntangibleVirtue-b4 | variant={"cut":["Boon Reflection"],"add":["Intangible Virtue"]} | s-IntangibleVirtue-b4: games 2016, win 18.3% ±0.9, avg win round 11.1, median 11, won by round 6/7/8: 0%/0%/2%, avg combat dmg 85, errors 0 | vs p1: s-IntangibleVirtue-b4          -0.5 ±0.4 pts (n 2016)
14:24 s-BeastWithin-b2 | variant={"cut":["Healing Technique"],"add":["Beast Within"]} | s-BeastWithin-b2: games 2016, win 46.7% ±1.1, avg win round 13.5, median 13, won by round 6/7/8: 0%/0%/1%, avg combat dmg 770, errors 0 | vs p1: s-BeastWithin-b2               +0.2 ±0.6 pts (n 2016)
14:24 s-BeastWithin-b4 | variant={"cut":["Healing Technique"],"add":["Beast Within"]} | s-BeastWithin-b4: games 2016, win 19.0% ±0.9, avg win round 11.2, median 11, won by round 6/7/8: 0%/0%/2%, avg combat dmg 124, errors 0 | vs p1: s-BeastWithin-b4               +0.2 ±0.4 pts (n 2016)
14:25 s-AdelineResplendent-b2 | variant={"cut":["Arasta of the Endless Web"],"add":["Adeline, Resplendent Cathar"]} | s-AdelineResplendent-b2: games 2016, win 46.4% ±1.1, avg win round 13.3, median 13, won by round 6/7/8: 0%/0%/1%, avg combat dmg 752, errors 0 | vs p1: s-AdelineResplendent-b2        -0.1 ±0.5 pts (n 2016)
14:25 s-AdelineResplendent-b4 | variant={"cut":["Arasta of the Endless Web"],"add":["Adeline, Resplendent Cathar"]} | s-AdelineResplendent-b4: games 2016, win 18.8% ±0.9, avg win round 11.0, median 11, won by round 6/7/8: 0%/0%/2%, avg combat dmg 88, errors 0 | vs p1: s-AdelineResplendent-b4        +0.0 ±0.3 pts (n 2016)
14:25 s-SpikeFeeder-b2 | variant={"cut":["Suture Priest"],"add":["Spike Feeder"]} | s-SpikeFeeder-b2: games 2016, win 45.3% ±1.1, avg win round 13.4, median 13, won by round 6/7/8: 0%/0%/1%, avg combat dmg 6383, errors 0 | vs p1: s-SpikeFeeder-b2               -1.2 ±0.6 pts (n 2016)
14:26 s-SpikeFeeder-b4 | variant={"cut":["Suture Priest"],"add":["Spike Feeder"]} | s-SpikeFeeder-b4: games 2016, win 18.6% ±0.9, avg win round 10.9, median 11, won by round 6/7/8: 0%/0%/2%, avg combat dmg 93, errors 0 | vs p1: s-SpikeFeeder-b4               -0.2 ±0.4 pts (n 2016)
14:27 s-AvengerofZendikar-b2 | variant={"cut":["Mirari's Wake"],"add":["Avenger of Zendikar"]} | s-AvengerofZendikar-b2: games 2016, win 45.1% ±1.1, avg win round 13.6, median 13, won by round 6/7/8: 0%/0%/0%, avg combat dmg 1710, errors 0 | vs p1: s-AvengerofZendikar-b2         -1.4 ±0.6 pts (n 2016)
14:27 s-AvengerofZendikar-b4 | variant={"cut":["Mirari's Wake"],"add":["Avenger of Zendikar"]} | s-AvengerofZendikar-b4: games 2016, win 18.1% ±0.9, avg win round 11.2, median 11, won by round 6/7/8: 0%/0%/2%, avg combat dmg 85, errors 0 | vs p1: s-AvengerofZendikar-b4         -0.7 ±0.4 pts (n 2016)
14:28 s-ElspethSunsChampio-b2 | variant={"cut":["Gruff Triplets"],"add":["Elspeth, Sun's Champion"]} | s-ElspethSunsChampio-b2: games 2016, win 49.0% ±1.1, avg win round 13.6, median 13, won by round 6/7/8: 0%/0%/1%, avg combat dmg 1190, errors 0 | vs p1: s-ElspethSunsChampio-b2        +2.4 ±0.6 pts (n 2016)
14:28 s-ElspethSunsChampio-b4 | variant={"cut":["Gruff Triplets"],"add":["Elspeth, Sun's Champion"]} | s-ElspethSunsChampio-b4: games 2016, win 19.1% ±0.9, avg win round 11.0, median 11, won by round 6/7/8: 0%/0%/2%, avg combat dmg 91, errors 0 | vs p1: s-ElspethSunsChampio-b4        +0.3 ±0.4 pts (n 2016)
14:29 s-EsikasChariot-b2 | variant={"cut":["Song of Freyalise"],"add":["Esika's Chariot"]} | s-EsikasChariot-b2: games 2016, win 45.3% ±1.1, avg win round 13.4, median 13, won by round 6/7/8: 0%/0%/0%, avg combat dmg 535, errors 0 | vs p1: s-EsikasChariot-b2             -1.2 ±0.6 pts (n 2016)
14:29 s-EsikasChariot-b4 | variant={"cut":["Song of Freyalise"],"add":["Esika's Chariot"]} | s-EsikasChariot-b4: games 2016, win 18.7% ±0.9, avg win round 11.0, median 11, won by round 6/7/8: 0%/0%/2%, avg combat dmg 95, errors 0 | vs p1: s-EsikasChariot-b4             -0.1 ±0.4 pts (n 2016)
14:29 s-ArcaneSignet-b2 | variant={"cut":["Ancient Cornucopia"],"add":["Arcane Signet"]} | s-ArcaneSignet-b2: games 2016, win 46.9% ±1.1, avg win round 13.4, median 13, won by round 6/7/8: 0%/0%/1%, avg combat dmg 751, errors 0 | vs p1: s-ArcaneSignet-b2              +0.4 ±0.6 pts (n 2016)
14:30 s-ArcaneSignet-b4 | variant={"cut":["Ancient Cornucopia"],"add":["Arcane Signet"]} | s-ArcaneSignet-b4: games 2016, win 19.5% ±0.9, avg win round 11.0, median 11, won by round 6/7/8: 0%/0%/2%, avg combat dmg 99, errors 0 | vs p1: s-ArcaneSignet-b4              +0.7 ±0.4 pts (n 2016)
14:30 s-ElvishMystic-b2 | variant={"cut":["Explore"],"add":["Elvish Mystic"]} | s-ElvishMystic-b2: games 2016, win 47.6% ±1.1, avg win round 13.4, median 13, won by round 6/7/8: 0%/0%/1%, avg combat dmg 577, errors 0 | vs p1: s-ElvishMystic-b2              +1.1 ±0.6 pts (n 2016)
14:31 s-ElvishMystic-b4 | variant={"cut":["Explore"],"add":["Elvish Mystic"]} | s-ElvishMystic-b4: games 2016, win 19.3% ±0.9, avg win round 10.9, median 11, won by round 6/7/8: 0%/0%/2%, avg combat dmg 100, errors 0 | vs p1: s-ElvishMystic-b4              +0.5 ±0.4 pts (n 2016)
14:31 s-TrueConviction-b2 | variant={"cut":["Silverquill Lecturer"],"add":["True Conviction"]} | s-TrueConviction-b2: games 2016, win 48.1% ±1.1, avg win round 13.4, median 13, won by round 6/7/8: 0%/0%/1%, avg combat dmg 759, errors 0 | vs p1: s-TrueConviction-b2            +1.5 ±0.5 pts (n 2016)
14:31 s-TrueConviction-b4 | variant={"cut":["Silverquill Lecturer"],"add":["True Conviction"]} | s-TrueConviction-b4: games 2016, win 19.5% ±0.9, avg win round 11.0, median 11, won by round 6/7/8: 0%/0%/2%, avg combat dmg 96, errors 0 | vs p1: s-TrueConviction-b4            +0.7 ±0.3 pts (n 2016)
